задание: 1.3.6
проект: 134-led-module
устройство: 2e8a:000a
серийный номер: E6616407E383552B
порт: COM5
начало: 2026-10-04T12:09:27
   0.000 --> v
   0.000 <-- inf main:68 led off
   0.000 <-- dbg main:69 got v
   0.016 <-- device: es-led-module 1.0.0, built Oct  4 2026 12:06:22, log level 3
   1.016 --> e
   1.031 <-- inf main:68 led off
   1.031 <-- dbg main:69 got e
   2.047 --> d
   2.047 <-- inf main:68 led on
   2.047 <-- dbg main:69 got d
   3.047 --> q
   3.063 <-- inf main:68 led off
   3.063 <-- dbg main:69 got q
   3.063 <-- err handle_command:33 unknown command: q
итог: отправлено команд 4
